14:49:48 **** Incremental Build of configuration Debug for project LL_Blinking LED ****
make -j15 all 
arm-none-eabi-gcc "../Core/Src/main.c" -mcpu=cortex-m4 -std=gnu11 -g3 -DDEBUG -DUSE_FULL_LL_DRIVER -DHSE_VALUE=25000000 -DHSE_STARTUP_TIMEOUT=100 -DLSE_STARTUP_TIMEOUT=5000 -DLSE_VALUE=32768 -DEXTERNAL_CLOCK_VALUE=12288000 -DHSI_VALUE=16000000 -DLSI_VALUE=32000 -DVDD_VALUE=3300 -DPREFETCH_ENABLE=1 -DINSTRUCTION_CACHE_ENABLE=1 -DDATA_CACHE_ENABLE=1 -DSTM32F411xE -c -I../Core/Inc -I../Drivers/STM32F4xx_HAL_Driver/Inc -I../Drivers/CMSIS/Device/ST/STM32F4xx/Include -I../Drivers/CMSIS/Include -O0 -ffunction-sections -fdata-sections -Wall -fstack-usage -fcyclomatic-complexity -MMD -MP -MF"Core/Src/main.d" -MT"Core/Src/main.o" --specs=nano.specs -mfpu=fpv4-sp-d16 -mfloat-abi=hard -mthumb -o "Core/Src/main.o"
arm-none-eabi-gcc -o "LL_Blinking LED.elf" @"objects.list"   -mcpu=cortex-m4 -T"/Users/hussamaldean/Documents/GitHub/EmbeddedExpertPosts/Embedded Expert Post Projects/Projects/LL_Blinking LED/STM32F411RETX_FLASH.ld" --specs=nosys.specs -Wl,-Map="LL_Blinking LED.map" -Wl,--gc-sections -static --specs=nano.specs -mfpu=fpv4-sp-d16 -mfloat-abi=hard -mthumb -Wl,--start-group -lc -lm -Wl,--end-group
Finished building target: LL_Blinking LED.elf
 
arm-none-eabi-size  LL_Blinking\ LED.elf 
arm-none-eabi-objdump -h -S LL_Blinking\ LED.elf  > "LL_Blinking LED.list"
   text	   data	    bss	    dec	    hex	filename
   3148	      4	   1564	   4716	   126c	LL_Blinking LED.elf
Finished building: default.size.stdout
 
Finished building: LL_Blinking LED.list
 

14:49:48 Build Finished. 0 errors, 0 warnings. (took 450ms)

